// Jest Snapshot v1, https://goo.gl/fbAQLP

exports[`SignupPage fragment matches snapshot 1`] = `
<DocumentFragment>
  <main
    class="rw-main w-96 mx-auto mt-12"
  >
    <div
      style="position: fixed; z-index: 9999; top: 16px; left: 16px; right: 16px; bottom: 16px; pointer-events: none;"
    />
    <div
      class="rw-scaffold rw-login-container"
    >
      <div
        class="rw-segment"
      >
        <header
          class="rw-segment-header"
        >
          <h2
            class="rw-heading rw-heading-secondary"
          >
            Signup
          </h2>
        </header>
        <div
          class="rw-segment-main"
        >
          <div
            class="rw-form-wrapper"
          >
            <form
              class="rw-form-wrapper"
            >
              <label
                class="rw-label"
                for="username"
              >
                Username
              </label>
              <input
                class="rw-input"
                id="username"
                name="username"
                type="text"
              />
              <label
                class="rw-label"
                for="password"
              >
                Password
              </label>
              <input
                autocomplete="current-password"
                class="rw-input"
                id="password"
                name="password"
                type="password"
              />
              <div
                class="rw-button-group"
              >
                <button
                  class="rw-button rw-button-blue"
                  type="submit"
                >
                  Sign Up
                </button>
              </div>
            </form>
          </div>
        </div>
      </div>
      <div
        class="rw-login-link mt-2 text-center"
      >
        <span>
          Already have an account?
        </span>
         
        <a
          class="rw-link"
          href="/login"
        >
          Log in!
        </a>
      </div>
    </div>
  </main>
</DocumentFragment>
`;
