// Jest Snapshot v1, https://goo.gl/fbAQLP

exports[`AboutPage fragment matches snapshot 1`] = `
<DocumentFragment>
  <p
    class="font-light"
  >
    This site was created to demonstrate my mastery of Redwood: Look on my works, ye mighty, and despair!
  </p>
</DocumentFragment>
`;
